05:00:20 **** Incremental Build of configuration Debug for project Audio_GPIO ****
make all 
D:/Vitis/Vitis/2022.1/gnuwin/bin/make --no-print-directory pre-build
a9-linaro-pre-build-step
' '
D:/Vitis/Vitis/2022.1/gnuwin/bin/make --no-print-directory main-build
'Building file: ../src/demo.c'
'Invoking: ARM v7 gcc compiler'
arm-none-eabi-gcc -Wall -O0 -g3 -c -fmessage-length=0 -MT"src/demo.o" -mcpu=cortex-a9 -mfpu=vfpv3 -mfloat-abi=hard -ID:/Vitis/USERS/10_Zedboard_audio_in/Zedboard-DMA-2018.2-1/sdk_appsrc_with_GPIO/sdk_appsrc_with_GPIO/Audio_with_GPIO/export/Audio_with_GPIO/sw/Audio_with_GPIO/standalone_domain/bspinclude/include -MMD -MP -MF"src/demo.d" -MT"src/demo.o" -o "src/demo.o" "../src/demo.c"
'Finished building: ../src/demo.c'
' '
'Building target: Audio_GPIO.elf'
'Invoking: ARM v7 gcc linker'
arm-none-eabi-gcc -mcpu=cortex-a9 -mfpu=vfpv3 -mfloat-abi=hard -Wl,-build-id=none -specs=Xilinx.spec -Wl,-T -Wl,../src/lscript.ld -LD:/Vitis/USERS/10_Zedboard_audio_in/Zedboard-DMA-2018.2-1/sdk_appsrc_with_GPIO/sdk_appsrc_with_GPIO/Audio_with_GPIO/export/Audio_with_GPIO/sw/Audio_with_GPIO/standalone_domain/bsplib/lib -o "Audio_GPIO.elf"  ./src/userio/userio.o  ./src/kws/kws_engine.o  ./src/intc/intc.o  ./src/iic/iic.o  ./src/dma/dma.o  ./src/audio/audio.o  ./src/demo.o ./src/platform.o   -lm -Wl,--start-group,-lxil,-lgcc,-lc,--end-group -Wl,--start-group,-lxilffs,-lxil,-lgcc,-lc,--end-group
'Finished building target: Audio_GPIO.elf'
' '
'Invoking: ARM v7 Print Size'
arm-none-eabi-size Audio_GPIO.elf  |tee "Audio_GPIO.elf.size"
   text	   data	    bss	    dec	    hex	filename
 104792	   3128	35476384	35584304	21ef930	Audio_GPIO.elf
'Finished building: Audio_GPIO.elf.size'
' '

05:00:22 Build Finished (took 1s.899ms)

